Trial officeqa-uid0011__BjWJ7pF failed: Agent setup timed out after 360.0 seconds
Trial officeqa-uid0243__DBoGSKs failed: Agent setup timed out after 360.0 seconds
Trial officeqa-uid0078__Y8QD5ms failed: Agent setup timed out after 360.0 seconds
Trial officeqa-uid0197__njnfQGg failed: Agent setup timed out after 360.0 seconds
Not retrying trial because the maximum number of retries has been reached
Not retrying trial because the maximum number of retries has been reached
Not retrying trial because the maximum number of retries has been reached
Not retrying trial because the maximum number of retries has been reached
Trial officeqa-uid0100__Neq5Dfz failed: Agent setup timed out after 360.0 seconds
Trial officeqa-uid0038__ifsngiP failed: Agent setup timed out after 360.0 seconds
Trial officeqa-uid0036__Uy99ikT failed: Agent setup timed out after 360.0 seconds
Trial officeqa-uid0010__PguumCe failed: Agent setup timed out after 360.0 seconds
Not retrying trial because the maximum number of retries has been reached
Not retrying trial because the maximum number of retries has been reached
Not retrying trial because the maximum number of retries has been reached
Not retrying trial because the maximum number of retries has been reached
Trial officeqa-uid0045__AK6siRs failed: Agent setup timed out after 360.0 seconds
Trial officeqa-uid0109__NWvNjHu failed: Agent setup timed out after 360.0 seconds
Trial officeqa-uid0037__rgcnzvW failed: Agent setup timed out after 360.0 seconds
Trial officeqa-uid0072__2RqCwEP failed: Agent setup timed out after 360.0 seconds
Not retrying trial because the maximum number of retries has been reached
Not retrying trial because the maximum number of retries has been reached
Not retrying trial because the maximum number of retries has been reached
Not retrying trial because the maximum number of retries has been reached
Trial officeqa-uid0066__MJWgdNU failed: Agent setup timed out after 360.0 seconds
Trial officeqa-uid0163__AgbLTq3 failed: Agent setup timed out after 360.0 seconds
Trial officeqa-uid0212__bnRkHqe failed: Agent setup timed out after 360.0 seconds
Trial officeqa-uid0113__nVi42Uy failed: Agent setup timed out after 360.0 seconds
Not retrying trial because the maximum number of retries has been reached
Not retrying trial because the maximum number of retries has been reached
Not retrying trial because the maximum number of retries has been reached
Not retrying trial because the maximum number of retries has been reached
Trial officeqa-uid0012__E9BjyzA failed: Agent setup timed out after 360.0 seconds
Trial officeqa-uid0013__WSEqJDd failed: Agent setup timed out after 360.0 seconds
Trial officeqa-uid0040__pv6Rsp7 failed: Agent setup timed out after 360.0 seconds
Trial officeqa-uid0176__vTG5Haz failed: Agent setup timed out after 360.0 seconds
Not retrying trial because the maximum number of retries has been reached
Not retrying trial because the maximum number of retries has been reached
Not retrying trial because the maximum number of retries has been reached
Not retrying trial because the maximum number of retries has been reached
