=== Run 1/3: Kitchen Sink + Auditor v1 (M2.5 baseline) ===
Wrote opencode trajectory to jobs/baseline-kitchen-m25/officeqa-uid0010__fbj4cpp/agent/trajectory.json
Wrote opencode trajectory to jobs/baseline-kitchen-m25/officeqa-uid0100__wKBnNeV/agent/trajectory.json
Wrote opencode trajectory to jobs/baseline-kitchen-m25/officeqa-uid0036__BbdoGHH/agent/trajectory.json
Wrote opencode trajectory to jobs/baseline-kitchen-m25/officeqa-uid0038__rxhNeSJ/agent/trajectory.json
Wrote opencode trajectory to jobs/baseline-kitchen-m25/officeqa-uid0072__gDziJDE/agent/trajectory.json
Wrote opencode trajectory to jobs/baseline-kitchen-m25/officeqa-uid0109__bajcjng/agent/trajectory.json
Wrote opencode trajectory to jobs/baseline-kitchen-m25/officeqa-uid0045__hLvmxu4/agent/trajectory.json
Wrote opencode trajectory to jobs/baseline-kitchen-m25/officeqa-uid0037__kBMUZ5B/agent/trajectory.json
Wrote opencode trajectory to jobs/baseline-kitchen-m25/officeqa-uid0066__csJ9rgE/agent/trajectory.json
Wrote opencode trajectory to jobs/baseline-kitchen-m25/officeqa-uid0163__Xm3ksrd/agent/trajectory.json
  20/20 Mean: 0.350 ━━━━━━━━━━━━━━━━━━━━━━━━━━━━━━━━━━━━━━━━ 0:43:35 0:00:00Results written to jobs/baseline-kitchen-m25/result.json
          opencode (minimax-minimax-m2.5) on samples          
┏━━━━━━━━━━━━━━━━━━━━━━━━━━┳━━━━━━━━━━━━━━━━━━━━━━━━━━━━━━━━━┓
┃ Metric                   ┃ Value                           ┃
┡━━━━━━━━━━━━━━━━━━━━━━━━━━╇━━━━━━━━━━━━━━━━━━━━━━━━━━━━━━━━━┩
│ Agent                    │ opencode (minimax-minimax-m2.5) │
│ Dataset                  │ samples                         │
│ Trials                   │ 10                              │
│ Errors                   │ 10                              │
│                          │                                 │
│ Mean                     │ 0.350                           │
│                          │                                 │
│ Reward Distribution      │                                 │
│   reward = 1.0           │ 7                               │
│   reward = 0.0           │ 3                               │
│                          │                                 │
│ Exception Distribution   │                                 │
│   AgentSetupTimeoutError │ 10                              │
└──────────────────────────┴─────────────────────────────────┘


=== Run 2/3: Config C - Compressed + checkpoint ===
Wrote opencode trajectory to jobs/configC-redesign-diverse20/officeqa-uid0176__33Yk3FZ/agent/trajectory.json
  20/20 Mean: 0.050 ━━━━━━━━━━━━━━━━━━━━━━━━━━━━━━━━━━━━━━━━ 0:20:10 0:00:00Results written to jobs/configC-redesign-diverse20/result.json
          opencode (minimax-minimax-m2.5) on samples          
┏━━━━━━━━━━━━━━━━━━━━━━━━━━┳━━━━━━━━━━━━━━━━━━━━━━━━━━━━━━━━━┓
┃ Metric                   ┃ Value                           ┃
┡━━━━━━━━━━━━━━━━━━━━━━━━━━╇━━━━━━━━━━━━━━━━━━━━━━━━━━━━━━━━━┩
│ Agent                    │ opencode (minimax-minimax-m2.5) │
│ Dataset                  │ samples                         │
│ Trials                   │ 1                               │
│ Errors                   │ 19                              │
│                          │                                 │
│ Mean                     │ 0.050                           │
│                          │                                 │
│ Reward Distribution      │                                 │
│   reward = 1.0           │ 1                               │
│                          │                                 │
│ Exception Distribution   │                                 │
│   AgentSetupTimeoutError │ 8                               │
│   RuntimeError           │ 11                              │
└──────────────────────────┴─────────────────────────────────┘


=== Run 3/3: Kitchen Sink + Functional (dignity ablation) ===
  20/20 Mean: 0.000 ━━━━━━━━━━━━━━━━━━━━━━━━━━━━━━━━━━━━━━━━ 0:31:06 0:00:00Results written to jobs/functional-ablation-diverse20/result.json
          opencode (minimax-minimax-m2.5) on samples          
┏━━━━━━━━━━━━━━━━━━━━━━━━━━┳━━━━━━━━━━━━━━━━━━━━━━━━━━━━━━━━━┓
┃ Metric                   ┃ Value                           ┃
┡━━━━━━━━━━━━━━━━━━━━━━━━━━╇━━━━━━━━━━━━━━━━━━━━━━━━━━━━━━━━━┩
│ Agent                    │ opencode (minimax-minimax-m2.5) │
│ Dataset                  │ samples                         │
│ Trials                   │ 0                               │
│ Errors                   │ 20                              │
│                          │                                 │
│ Mean                     │ 0.000                           │
│                          │                                 │
│ Exception Distribution   │                                 │
│   AgentSetupTimeoutError │ 20                              │
└──────────────────────────┴─────────────────────────────────┘


=== All runs complete. Comparing results... ===
baseline-kitchen-m25: 7/10 = 70%
configC-redesign-diverse20: 1/1 = 100%
Runtime error (func=(main), adr=15): Divide by zero
functional-ablation-diverse20: 0/0 = %
