Trial officeqa-uid0243__vaujTDF failed: Agent setup timed out after 360.0 seconds
Trial officeqa-uid0011__23ohqsr failed: Agent setup timed out after 360.0 seconds
Trial officeqa-uid0197__ZwbRTFr failed: Agent setup timed out after 360.0 seconds
Not retrying trial because the maximum number of retries has been reached
Not retrying trial because the maximum number of retries has been reached
Not retrying trial because the maximum number of retries has been reached
Trial officeqa-uid0040__2KXMny2 failed: Agent setup failed with exit code 137. See logs in jobs/cognitive-router-diverse20/officeqa-uid0040__2KXMny2/agent/setup
Trial officeqa-uid0012__UTS83Gp failed: Agent setup failed with exit code 137. See logs in jobs/cognitive-router-diverse20/officeqa-uid0012__UTS83Gp/agent/setup
Trial officeqa-uid0113__d9bxR33 failed: Agent setup failed with exit code 137. See logs in jobs/cognitive-router-diverse20/officeqa-uid0113__d9bxR33/agent/setup
Not retrying trial because the maximum number of retries has been reached
Not retrying trial because the maximum number of retries has been reached
Not retrying trial because the maximum number of retries has been reached
Trial officeqa-uid0212__HiLPHbB failed: No reward file found at jobs/cognitive-router-diverse20/officeqa-uid0212__HiLPHbB/verifier/reward.txt or jobs/cognitive-router-diverse20/officeqa-uid0212__HiLPHbB/verifier/reward.json
Trial officeqa-uid0013__2RLNutB failed: Docker compose command failed for environment officeqa-uid0013. Command: docker compose --project-name officeqa-uid0013__2rlnutb --project-directory /home/cat/ground-wire/.arena/samples/officeqa-uid0013/environment -f /home/cat/.arena/venv/lib/python3.13/site-packages/harbor/environments/docker/docker-compose-base.yaml -f /home/cat/.arena/venv/lib/python3.13/site-packages/harbor/environments/docker/docker-compose-prebuilt.yaml up --detach --wait. Return code: 1. Stdout:  main Pulling 
 main Pulled 
 Network officeqa-uid0013__2rlnutb_default  Creating
 Network officeqa-uid0013__2rlnutb_default  Created
 Container officeqa-uid0013__2rlnutb-main-1  Creating
 Container officeqa-uid0013__2rlnutb-main-1  Error response from daemon: No such image: ghcr.io/sentient-agi/harbor/officeqa-corpus:latest
Error response from daemon: No such image: ghcr.io/sentient-agi/harbor/officeqa-corpus:latest
. Stderr: None. 
Not retrying trial because the maximum number of retries has been reached
Not retrying trial because the maximum number of retries has been reached
