Overriding memory to 4096 MB alters the task from its intended configuration. This could disqualify you from leaderboard submissions for some benchmarks.
Overriding memory to 4096 MB alters the task from its intended configuration. This could disqualify you from leaderboard submissions for some benchmarks.
Overriding memory to 4096 MB alters the task from its intended configuration. This could disqualify you from leaderboard submissions for some benchmarks.
Overriding memory to 4096 MB alters the task from its intended configuration. This could disqualify you from leaderboard submissions for some benchmarks.
  FAIL officeqa-uid0082 (reward=0.00)
Overriding memory to 4096 MB alters the task from its intended configuration. This could disqualify you from leaderboard submissions for some benchmarks.
  FAIL officeqa-uid0187 (reward=0.00)
Overriding memory to 4096 MB alters the task from its intended configuration. This could disqualify you from leaderboard submissions for some benchmarks.
  FAIL officeqa-uid0025 (reward=0.00)
Overriding memory to 4096 MB alters the task from its intended configuration. This could disqualify you from leaderboard submissions for some benchmarks.
  FAIL officeqa-uid0189 (reward=0.00)
Overriding memory to 4096 MB alters the task from its intended configuration. This could disqualify you from leaderboard submissions for some benchmarks.
  FAIL officeqa-uid0049 (reward=0.00)
Overriding memory to 4096 MB alters the task from its intended configuration. This could disqualify you from leaderboard submissions for some benchmarks.
  FAIL officeqa-uid0136 (reward=0.00)
Overriding memory to 4096 MB alters the task from its intended configuration. This could disqualify you from leaderboard submissions for some benchmarks.
  FAIL officeqa-uid0056 (reward=0.00)
Overriding memory to 4096 MB alters the task from its intended configuration. This could disqualify you from leaderboard submissions for some benchmarks.
  FAIL officeqa-uid0050 (reward=0.00)
Overriding memory to 4096 MB alters the task from its intended configuration. This could disqualify you from leaderboard submissions for some benchmarks.
  FAIL officeqa-uid0158 (reward=0.00)
Overriding memory to 4096 MB alters the task from its intended configuration. This could disqualify you from leaderboard submissions for some benchmarks.
  FAIL officeqa-uid0144 (reward=0.00)
Overriding memory to 4096 MB alters the task from its intended configuration. This could disqualify you from leaderboard submissions for some benchmarks.
  FAIL officeqa-uid0102 (reward=0.00)
Overriding memory to 4096 MB alters the task from its intended configuration. This could disqualify you from leaderboard submissions for some benchmarks.
  FAIL officeqa-uid0128 (reward=0.00)
Overriding memory to 4096 MB alters the task from its intended configuration. This could disqualify you from leaderboard submissions for some benchmarks.
  FAIL officeqa-uid0116 (reward=0.00)
Overriding memory to 4096 MB alters the task from its intended configuration. This could disqualify you from leaderboard submissions for some benchmarks.
  FAIL officeqa-uid0012 (reward=0.00)
Overriding memory to 4096 MB alters the task from its intended configuration. This could disqualify you from leaderboard submissions for some benchmarks.
  FAIL officeqa-uid0051 (reward=0.00)
Overriding memory to 4096 MB alters the task from its intended configuration. This could disqualify you from leaderboard submissions for some benchmarks.
  FAIL officeqa-uid0241 (reward=0.00)
Overriding memory to 4096 MB alters the task from its intended configuration. This could disqualify you from leaderboard submissions for some benchmarks.
  FAIL officeqa-uid0139 (reward=0.00)
  FAIL officeqa-uid0152 (reward=0.00)
  FAIL officeqa-uid0135 (reward=0.00)
  FAIL officeqa-uid0083 (reward=0.00)
  20/20 Mean: 0.000 ━━━━━━━━━━━━━━━━━━━━━━━━━━━━━━━━━━━━━━━━ 0:23:33 0:00:00Results written to .arena/runs/run-20260325-210010-f2bf24/routerv2-phase1/result.json

  Score: 0.000
  Tasks: 0 passed, 20 failed (20 total)
  Avg latency: 271.3s
  Total cost: $0.00
                      Task Results                       
┏━━━━━━━━━━━━━━━━━━┳━━━━━━━━┳━━━━━━━━┳━━━━━━━━━┳━━━━━━━━┓
┃ Task             ┃ Status ┃ Reward ┃ Latency ┃ Cost   ┃
┡━━━━━━━━━━━━━━━━━━╇━━━━━━━━╇━━━━━━━━╇━━━━━━━━━╇━━━━━━━━┩
│ officeqa-uid0025 │ FAIL   │ 0.00   │ 355.5s  │ $0.000 │
│ officeqa-uid0189 │ FAIL   │ 0.00   │ 360.6s  │ $0.000 │
│ officeqa-uid0082 │ FAIL   │ 0.00   │ 320.7s  │ $0.000 │
│ officeqa-uid0187 │ FAIL   │ 0.00   │ 341.3s  │ $0.000 │
│ officeqa-uid0049 │ FAIL   │ 0.00   │ 173.0s  │ $0.000 │
│ officeqa-uid0056 │ FAIL   │ 0.00   │ 278.3s  │ $0.000 │
│ officeqa-uid0050 │ FAIL   │ 0.00   │ 275.2s  │ $0.000 │
│ officeqa-uid0136 │ FAIL   │ 0.00   │ 242.4s  │ $0.000 │
│ officeqa-uid0158 │ FAIL   │ 0.00   │ 205.0s  │ $0.000 │
│ officeqa-uid0144 │ FAIL   │ 0.00   │ 249.1s  │ $0.000 │
│ officeqa-uid0102 │ FAIL   │ 0.00   │ 233.0s  │ $0.000 │
│ officeqa-uid0128 │ FAIL   │ 0.00   │ 223.4s  │ $0.000 │
│ officeqa-uid0116 │ FAIL   │ 0.00   │ 215.3s  │ $0.000 │
│ officeqa-uid0012 │ FAIL   │ 0.00   │ 188.6s  │ $0.000 │
│ officeqa-uid0051 │ FAIL   │ 0.00   │ 198.5s  │ $0.000 │
│ officeqa-uid0241 │ FAIL   │ 0.00   │ 197.2s  │ $0.000 │
│ officeqa-uid0139 │ FAIL   │ 0.00   │ 312.7s  │ $0.000 │
│ officeqa-uid0135 │ FAIL   │ 0.00   │ 367.5s  │ $0.000 │
│ officeqa-uid0083 │ FAIL   │ 0.00   │ 362.1s  │ $0.000 │
│ officeqa-uid0152 │ FAIL   │ 0.00   │ 326.9s  │ $0.000 │
└──────────────────┴────────┴────────┴─────────┴────────┘
