Trial officeqa-uid0011__YLMiM57 failed: Agent setup timed out after 360.0 seconds
Trial officeqa-uid0197__qQom7Ec failed: Agent setup timed out after 360.0 seconds
Trial officeqa-uid0078__4WkFbAm failed: Agent setup timed out after 360.0 seconds
Trial officeqa-uid0243__QkvY2VM failed: Agent setup timed out after 360.0 seconds
Not retrying trial because the maximum number of retries has been reached
Not retrying trial because the maximum number of retries has been reached
Not retrying trial because the maximum number of retries has been reached
Not retrying trial because the maximum number of retries has been reached
Trial officeqa-uid0100__XMmf7VZ failed: Agent setup timed out after 360.0 seconds
Trial officeqa-uid0038__TkxE3Qu failed: Agent setup timed out after 360.0 seconds
Trial officeqa-uid0010__Yuanmng failed: Agent setup timed out after 360.0 seconds
Trial officeqa-uid0036__6udhFYi failed: Agent setup timed out after 360.0 seconds
Not retrying trial because the maximum number of retries has been reached
Not retrying trial because the maximum number of retries has been reached
Not retrying trial because the maximum number of retries has been reached
Not retrying trial because the maximum number of retries has been reached
Trial officeqa-uid0045__wcBwbVS failed: Agent setup timed out after 360.0 seconds
Trial officeqa-uid0109__ofavxhk failed: Agent setup timed out after 360.0 seconds
Trial officeqa-uid0072__x8BCrWQ failed: Agent setup timed out after 360.0 seconds
Trial officeqa-uid0037__CoiEMYD failed: Agent setup timed out after 360.0 seconds
Not retrying trial because the maximum number of retries has been reached
Not retrying trial because the maximum number of retries has been reached
Not retrying trial because the maximum number of retries has been reached
Not retrying trial because the maximum number of retries has been reached
Trial officeqa-uid0066__fKFZTQe failed: Agent setup timed out after 360.0 seconds
Trial officeqa-uid0163__ucvxmbB failed: Agent setup timed out after 360.0 seconds
Trial officeqa-uid0113__guefTUc failed: Agent setup timed out after 360.0 seconds
Trial officeqa-uid0212__gtEAuu5 failed: Agent setup timed out after 360.0 seconds
Not retrying trial because the maximum number of retries has been reached
Not retrying trial because the maximum number of retries has been reached
Not retrying trial because the maximum number of retries has been reached
Not retrying trial because the maximum number of retries has been reached
Trial officeqa-uid0012__ZbV8BXs failed: Agent setup timed out after 360.0 seconds
Trial officeqa-uid0040__qfB3WJz failed: Agent setup timed out after 360.0 seconds
Trial officeqa-uid0013__ZLbtpsD failed: Agent setup timed out after 360.0 seconds
Trial officeqa-uid0176__nFyvmYt failed: Agent setup timed out after 360.0 seconds
Not retrying trial because the maximum number of retries has been reached
Not retrying trial because the maximum number of retries has been reached
Not retrying trial because the maximum number of retries has been reached
Not retrying trial because the maximum number of retries has been reached
