Trial officeqa-uid0205__9XECHcB failed: Agent setup failed with exit code 137. See logs in jobs/minimax-full246-auditor-v1/officeqa-uid0205__9XECHcB/agent/setup
Trial officeqa-uid0001__c3PVfG3 failed: Failed to add tests directory to environment.
Trial officeqa-uid0184__3HnUwQW failed: Failed to add tests directory to environment.
Trial officeqa-uid0243__rBKbNXS failed: Failed to add tests directory to environment.
Not retrying trial because the maximum number of retries has been reached
Not retrying trial because the maximum number of retries has been reached
Not retrying trial because the maximum number of retries has been reached
Not retrying trial because the maximum number of retries has been reached
Trial officeqa-uid0183__PVabRdq failed: Agent setup failed with exit code 137. See logs in jobs/minimax-full246-auditor-v1/officeqa-uid0183__PVabRdq/agent/setup
Trial officeqa-uid0181__dUEm5Tv failed: Agent setup failed with exit code 137. See logs in jobs/minimax-full246-auditor-v1/officeqa-uid0181__dUEm5Tv/agent/setup
Trial officeqa-uid0089__yc9BKjw failed: Agent setup failed with exit code 137. See logs in jobs/minimax-full246-auditor-v1/officeqa-uid0089__yc9BKjw/agent/setup
Trial officeqa-uid0198__VV57YCc failed: Agent setup failed with exit code 137. See logs in jobs/minimax-full246-auditor-v1/officeqa-uid0198__VV57YCc/agent/setup
Not retrying trial because the maximum number of retries has been reached
Not retrying trial because the maximum number of retries has been reached
Not retrying trial because the maximum number of retries has been reached
Not retrying trial because the maximum number of retries has been reached
Trial officeqa-uid0214__uWVS2zD failed: No reward file found at jobs/minimax-full246-auditor-v1/officeqa-uid0214__uWVS2zD/verifier/reward.txt or jobs/minimax-full246-auditor-v1/officeqa-uid0214__uWVS2zD/verifier/reward.json
Trial officeqa-uid0240__35YAU9b failed: Failed to add tests directory to environment.
Trial officeqa-uid0179__w2h3S6h failed: No reward file found at jobs/minimax-full246-auditor-v1/officeqa-uid0179__w2h3S6h/verifier/reward.txt or jobs/minimax-full246-auditor-v1/officeqa-uid0179__w2h3S6h/verifier/reward.json
Trial officeqa-uid0121__opbQZ5k failed: Failed to add tests directory to environment.
Not retrying trial because the maximum number of retries has been reached
Not retrying trial because the maximum number of retries has been reached
Not retrying trial because the maximum number of retries has been reached
Not retrying trial because the maximum number of retries has been reached
