Trial officeqa-uid0078__uG5VT6T failed: Docker compose command failed for environment officeqa-uid0078. Command: docker compose --project-name officeqa-uid0078__ug5vt6t --project-directory /home/cat/ground-wire/.arena/samples/officeqa-uid0078/environment -f /home/cat/.arena/venv/lib/python3.13/site-packages/harbor/environments/docker/docker-compose-base.yaml -f /home/cat/.arena/venv/lib/python3.13/site-packages/harbor/environments/docker/docker-compose-prebuilt.yaml up --detach --wait. Return code: 1. Stdout:  Network officeqa-uid0078__ug5vt6t_default  Creating
 Network officeqa-uid0078__ug5vt6t_default  Error
failed to create network officeqa-uid0078__ug5vt6t_default: Error response from daemon: all predefined address pools have been fully subnetted
. Stderr: None. 
Not retrying trial because the maximum number of retries has been reached
Trial officeqa-uid0100__bEcG3M9 failed: Docker compose command failed for environment officeqa-uid0100. Command: docker compose --project-name officeqa-uid0100__becg3m9 --project-directory /home/cat/ground-wire/.arena/samples/officeqa-uid0100/environment -f /home/cat/.arena/venv/lib/python3.13/site-packages/harbor/environments/docker/docker-compose-base.yaml -f /home/cat/.arena/venv/lib/python3.13/site-packages/harbor/environments/docker/docker-compose-prebuilt.yaml up --detach --wait. Return code: 1. Stdout:  main Pulling 
 main Pulled 
 Network officeqa-uid0100__becg3m9_default  Creating
 Network officeqa-uid0100__becg3m9_default  Error
failed to create network officeqa-uid0100__becg3m9_default: Error response from daemon: all predefined address pools have been fully subnetted
. Stderr: None. 
Not retrying trial because the maximum number of retries has been reached
Trial officeqa-uid0038__cLEGe64 failed: Docker compose command failed for environment officeqa-uid0038. Command: docker compose --project-name officeqa-uid0038__clege64 --project-directory /home/cat/ground-wire/.arena/samples/officeqa-uid0038/environment -f /home/cat/.arena/venv/lib/python3.13/site-packages/harbor/environments/docker/docker-compose-base.yaml -f /home/cat/.arena/venv/lib/python3.13/site-packages/harbor/environments/docker/docker-compose-prebuilt.yaml up --detach --wait. Return code: 1. Stdout:  main Pulling 
 main Pulled 
 Network officeqa-uid0038__clege64_default  Creating
 Network officeqa-uid0038__clege64_default  Error
failed to create network officeqa-uid0038__clege64_default: Error response from daemon: all predefined address pools have been fully subnetted
. Stderr: None. 
Not retrying trial because the maximum number of retries has been reached
Trial officeqa-uid0010__pKxSAwW failed: Docker compose command failed for environment officeqa-uid0010. Command: docker compose --project-name officeqa-uid0010__pkxsaww --project-directory /home/cat/ground-wire/.arena/samples/officeqa-uid0010/environment -f /home/cat/.arena/venv/lib/python3.13/site-packages/harbor/environments/docker/docker-compose-base.yaml -f /home/cat/.arena/venv/lib/python3.13/site-packages/harbor/environments/docker/docker-compose-prebuilt.yaml up --detach --wait. Return code: 1. Stdout:  main Pulling 
 main Pulled 
 Network officeqa-uid0010__pkxsaww_default  Creating
 Network officeqa-uid0010__pkxsaww_default  Error
failed to create network officeqa-uid0010__pkxsaww_default: Error response from daemon: all predefined address pools have been fully subnetted
. Stderr: None. 
Not retrying trial because the maximum number of retries has been reached
Trial officeqa-uid0036__g4WLrTU failed: Docker compose command failed for environment officeqa-uid0036. Command: docker compose --project-name officeqa-uid0036__g4wlrtu --project-directory /home/cat/ground-wire/.arena/samples/officeqa-uid0036/environment -f /home/cat/.arena/venv/lib/python3.13/site-packages/harbor/environments/docker/docker-compose-base.yaml -f /home/cat/.arena/venv/lib/python3.13/site-packages/harbor/environments/docker/docker-compose-prebuilt.yaml up --detach --wait. Return code: 1. Stdout:  main Pulling 
 main Pulled 
 Network officeqa-uid0036__g4wlrtu_default  Creating
 Network officeqa-uid0036__g4wlrtu_default  Error
failed to create network officeqa-uid0036__g4wlrtu_default: Error response from daemon: all predefined address pools have been fully subnetted
. Stderr: None. 
Not retrying trial because the maximum number of retries has been reached
Trial officeqa-uid0045__veEGipy failed: Docker compose command failed for environment officeqa-uid0045. Command: docker compose --project-name officeqa-uid0045__veegipy --project-directory /home/cat/ground-wire/.arena/samples/officeqa-uid0045/environment -f /home/cat/.arena/venv/lib/python3.13/site-packages/harbor/environments/docker/docker-compose-base.yaml -f /home/cat/.arena/venv/lib/python3.13/site-packages/harbor/environments/docker/docker-compose-prebuilt.yaml up --detach --wait. Return code: 1. Stdout:  main Pulling 
 main Pulled 
 Network officeqa-uid0045__veegipy_default  Creating
 Network officeqa-uid0045__veegipy_default  Error
failed to create network officeqa-uid0045__veegipy_default: Error response from daemon: all predefined address pools have been fully subnetted
. Stderr: None. 
Not retrying trial because the maximum number of retries has been reached
Trial officeqa-uid0109__AY4bFA7 failed: Docker compose command failed for environment officeqa-uid0109. Command: docker compose --project-name officeqa-uid0109__ay4bfa7 --project-directory /home/cat/ground-wire/.arena/samples/officeqa-uid0109/environment -f /home/cat/.arena/venv/lib/python3.13/site-packages/harbor/environments/docker/docker-compose-base.yaml -f /home/cat/.arena/venv/lib/python3.13/site-packages/harbor/environments/docker/docker-compose-prebuilt.yaml up --detach --wait. Return code: 1. Stdout:  main Pulling 
 main Pulled 
 Network officeqa-uid0109__ay4bfa7_default  Creating
 Network officeqa-uid0109__ay4bfa7_default  Error
failed to create network officeqa-uid0109__ay4bfa7_default: Error response from daemon: all predefined address pools have been fully subnetted
. Stderr: None. 
Not retrying trial because the maximum number of retries has been reached
Trial officeqa-uid0197__miASFqo failed: Agent setup timed out after 360.0 seconds
Trial officeqa-uid0011__LQjWTaU failed: Agent setup timed out after 360.0 seconds
Trial officeqa-uid0243__Z2cgJmG failed: Agent setup timed out after 360.0 seconds
Not retrying trial because the maximum number of retries has been reached
Not retrying trial because the maximum number of retries has been reached
Not retrying trial because the maximum number of retries has been reached
Trial officeqa-uid0037__nwZdN9N failed: Agent setup timed out after 360.0 seconds
Not retrying trial because the maximum number of retries has been reached
Trial officeqa-uid0066__bA95fqr failed: Agent setup timed out after 360.0 seconds
Trial officeqa-uid0072__Bn5tZaR failed: Agent setup timed out after 360.0 seconds
Trial officeqa-uid0163__ep8vMHD failed: Agent setup timed out after 360.0 seconds
Not retrying trial because the maximum number of retries has been reached
Not retrying trial because the maximum number of retries has been reached
Not retrying trial because the maximum number of retries has been reached
Trial officeqa-uid0212__oSAzYmG failed: Agent setup timed out after 360.0 seconds
Not retrying trial because the maximum number of retries has been reached
Trial officeqa-uid0040__gFZ8xpq failed: Agent setup timed out after 360.0 seconds
Trial officeqa-uid0012__tfQywKT failed: Agent setup timed out after 360.0 seconds
Trial officeqa-uid0113__3wnAeo8 failed: Agent setup timed out after 360.0 seconds
Not retrying trial because the maximum number of retries has been reached
Not retrying trial because the maximum number of retries has been reached
Not retrying trial because the maximum number of retries has been reached
Trial officeqa-uid0013__XkjsVLE failed: Agent setup timed out after 360.0 seconds
Not retrying trial because the maximum number of retries has been reached
Trial officeqa-uid0176__YYPFY7J failed: Agent setup timed out after 360.0 seconds
Not retrying trial because the maximum number of retries has been reached
