Overriding memory to 4096 MB alters the task from its intended configuration. This could disqualify you from leaderboard submissions for some benchmarks.
Overriding memory to 4096 MB alters the task from its intended configuration. This could disqualify you from leaderboard submissions for some benchmarks.
Overriding memory to 4096 MB alters the task from its intended configuration. This could disqualify you from leaderboard submissions for some benchmarks.
Overriding memory to 4096 MB alters the task from its intended configuration. This could disqualify you from leaderboard submissions for some benchmarks.
Wrote opencode trajectory to .arena/runs/run-20260325-212546-78e6b3/rv3-phase1/officeqa-uid0189__nHY2JAV/agent/trajectory.json
  PASS officeqa-uid0189 (reward=1.00)
Overriding memory to 4096 MB alters the task from its intended configuration. This could disqualify you from leaderboard submissions for some benchmarks.
Wrote opencode trajectory to .arena/runs/run-20260325-212546-78e6b3/rv3-phase1/officeqa-uid0187__BedFxRX/agent/trajectory.json
  PASS officeqa-uid0187 (reward=1.00)
Overriding memory to 4096 MB alters the task from its intended configuration. This could disqualify you from leaderboard submissions for some benchmarks.
Wrote opencode trajectory to .arena/runs/run-20260325-212546-78e6b3/rv3-phase1/officeqa-uid0025__zWkDF4x/agent/trajectory.json
  FAIL officeqa-uid0025 (reward=0.00)
Overriding memory to 4096 MB alters the task from its intended configuration. This could disqualify you from leaderboard submissions for some benchmarks.
Wrote opencode trajectory to .arena/runs/run-20260325-212546-78e6b3/rv3-phase1/officeqa-uid0082__HDHk5m3/agent/trajectory.json
  PASS officeqa-uid0082 (reward=1.00)
Overriding memory to 4096 MB alters the task from its intended configuration. This could disqualify you from leaderboard submissions for some benchmarks.
Wrote opencode trajectory to .arena/runs/run-20260325-212546-78e6b3/rv3-phase1/officeqa-uid0056__fQd364R/agent/trajectory.json
  PASS officeqa-uid0056 (reward=1.00)
Overriding memory to 4096 MB alters the task from its intended configuration. This could disqualify you from leaderboard submissions for some benchmarks.
Wrote opencode trajectory to .arena/runs/run-20260325-212546-78e6b3/rv3-phase1/officeqa-uid0136__PuTx6EC/agent/trajectory.json
  PASS officeqa-uid0136 (reward=1.00)
Overriding memory to 4096 MB alters the task from its intended configuration. This could disqualify you from leaderboard submissions for some benchmarks.
Wrote opencode trajectory to .arena/runs/run-20260325-212546-78e6b3/rv3-phase1/officeqa-uid0049__72yoXbq/agent/trajectory.json
  FAIL officeqa-uid0049 (reward=0.00)
Overriding memory to 4096 MB alters the task from its intended configuration. This could disqualify you from leaderboard submissions for some benchmarks.
Wrote opencode trajectory to .arena/runs/run-20260325-212546-78e6b3/rv3-phase1/officeqa-uid0050__2iyGp7L/agent/trajectory.json
  FAIL officeqa-uid0050 (reward=0.00)
Overriding memory to 4096 MB alters the task from its intended configuration. This could disqualify you from leaderboard submissions for some benchmarks.
Wrote opencode trajectory to .arena/runs/run-20260325-212546-78e6b3/rv3-phase1/officeqa-uid0158__7k49iyi/agent/trajectory.json
  FAIL officeqa-uid0158 (reward=0.00)
Overriding memory to 4096 MB alters the task from its intended configuration. This could disqualify you from leaderboard submissions for some benchmarks.
Wrote opencode trajectory to .arena/runs/run-20260325-212546-78e6b3/rv3-phase1/officeqa-uid0116__aznG45k/agent/trajectory.json
  PASS officeqa-uid0116 (reward=1.00)
Overriding memory to 4096 MB alters the task from its intended configuration. This could disqualify you from leaderboard submissions for some benchmarks.
Wrote opencode trajectory to .arena/runs/run-20260325-212546-78e6b3/rv3-phase1/officeqa-uid0128__wCsurzN/agent/trajectory.json
  PASS officeqa-uid0128 (reward=1.00)
Overriding memory to 4096 MB alters the task from its intended configuration. This could disqualify you from leaderboard submissions for some benchmarks.
Wrote opencode trajectory to .arena/runs/run-20260325-212546-78e6b3/rv3-phase1/officeqa-uid0102__SJCa8ka/agent/trajectory.json
  PASS officeqa-uid0102 (reward=1.00)
Overriding memory to 4096 MB alters the task from its intended configuration. This could disqualify you from leaderboard submissions for some benchmarks.
Wrote opencode trajectory to .arena/runs/run-20260325-212546-78e6b3/rv3-phase1/officeqa-uid0051__7qErL3w/agent/trajectory.json
  PASS officeqa-uid0051 (reward=1.00)
Overriding memory to 4096 MB alters the task from its intended configuration. This could disqualify you from leaderboard submissions for some benchmarks.
Wrote opencode trajectory to .arena/runs/run-20260325-212546-78e6b3/rv3-phase1/officeqa-uid0012__2BsU2ac/agent/trajectory.json
  FAIL officeqa-uid0012 (reward=0.00)
Overriding memory to 4096 MB alters the task from its intended configuration. This could disqualify you from leaderboard submissions for some benchmarks.
Wrote opencode trajectory to .arena/runs/run-20260325-212546-78e6b3/rv3-phase1/officeqa-uid0241__MPsUzM5/agent/trajectory.json
  PASS officeqa-uid0241 (reward=1.00)
Overriding memory to 4096 MB alters the task from its intended configuration. This could disqualify you from leaderboard submissions for some benchmarks.
Wrote opencode trajectory to .arena/runs/run-20260325-212546-78e6b3/rv3-phase1/officeqa-uid0144__Sh7LSDC/agent/trajectory.json
  PASS officeqa-uid0144 (reward=1.00)
Overriding memory to 4096 MB alters the task from its intended configuration. This could disqualify you from leaderboard submissions for some benchmarks.
Wrote opencode trajectory to .arena/runs/run-20260325-212546-78e6b3/rv3-phase1/officeqa-uid0152__94xzRAA/agent/trajectory.json
  PASS officeqa-uid0152 (reward=1.00)
Wrote opencode trajectory to .arena/runs/run-20260325-212546-78e6b3/rv3-phase1/officeqa-uid0139__8GHVHEU/agent/trajectory.json
  PASS officeqa-uid0139 (reward=1.00)
Wrote opencode trajectory to .arena/runs/run-20260325-212546-78e6b3/rv3-phase1/officeqa-uid0135__AsrrSU2/agent/trajectory.json
  PASS officeqa-uid0135 (reward=1.00)
