Trial officeqa-uid0078__2CUKFYS failed: Docker compose command failed for environment officeqa-uid0078. Command: docker compose --project-name officeqa-uid0078__2cukfys --project-directory /home/cat/ground-wire/.arena/samples/officeqa-uid0078/environment -f /home/cat/.arena/venv/lib/python3.13/site-packages/harbor/environments/docker/docker-compose-base.yaml -f /home/cat/.arena/venv/lib/python3.13/site-packages/harbor/environments/docker/docker-compose-prebuilt.yaml up --detach --wait. Return code: 1. Stdout:  main Pulling 
 main Pulled 
 Network officeqa-uid0078__2cukfys_default  Creating
 Network officeqa-uid0078__2cukfys_default  Error
failed to create network officeqa-uid0078__2cukfys_default: Error response from daemon: all predefined address pools have been fully subnetted
. Stderr: None. 
Not retrying trial because the maximum number of retries has been reached
Trial officeqa-uid0100__ZTnvprL failed: Docker compose command failed for environment officeqa-uid0100. Command: docker compose --project-name officeqa-uid0100__ztnvprl --project-directory /home/cat/ground-wire/.arena/samples/officeqa-uid0100/environment -f /home/cat/.arena/venv/lib/python3.13/site-packages/harbor/environments/docker/docker-compose-base.yaml -f /home/cat/.arena/venv/lib/python3.13/site-packages/harbor/environments/docker/docker-compose-prebuilt.yaml up --detach --wait. Return code: 1. Stdout:  main Pulling 
 main Pulled 
 Network officeqa-uid0100__ztnvprl_default  Creating
 Network officeqa-uid0100__ztnvprl_default  Error
failed to create network officeqa-uid0100__ztnvprl_default: Error response from daemon: all predefined address pools have been fully subnetted
. Stderr: None. 
Not retrying trial because the maximum number of retries has been reached
Trial officeqa-uid0038__qogH7Hd failed: Docker compose command failed for environment officeqa-uid0038. Command: docker compose --project-name officeqa-uid0038__qogh7hd --project-directory /home/cat/ground-wire/.arena/samples/officeqa-uid0038/environment -f /home/cat/.arena/venv/lib/python3.13/site-packages/harbor/environments/docker/docker-compose-base.yaml -f /home/cat/.arena/venv/lib/python3.13/site-packages/harbor/environments/docker/docker-compose-prebuilt.yaml up --detach --wait. Return code: 1. Stdout:  main Pulling 
 main Pulled 
 Network officeqa-uid0038__qogh7hd_default  Creating
 Network officeqa-uid0038__qogh7hd_default  Error
failed to create network officeqa-uid0038__qogh7hd_default: Error response from daemon: all predefined address pools have been fully subnetted
. Stderr: None. 
Not retrying trial because the maximum number of retries has been reached
Trial officeqa-uid0010__VCRTan9 failed: Docker compose command failed for environment officeqa-uid0010. Command: docker compose --project-name officeqa-uid0010__vcrtan9 --project-directory /home/cat/ground-wire/.arena/samples/officeqa-uid0010/environment -f /home/cat/.arena/venv/lib/python3.13/site-packages/harbor/environments/docker/docker-compose-base.yaml -f /home/cat/.arena/venv/lib/python3.13/site-packages/harbor/environments/docker/docker-compose-prebuilt.yaml up --detach --wait. Return code: 1. Stdout:  main Pulling 
 main Pulled 
 Network officeqa-uid0010__vcrtan9_default  Creating
 Network officeqa-uid0010__vcrtan9_default  Error
failed to create network officeqa-uid0010__vcrtan9_default: Error response from daemon: all predefined address pools have been fully subnetted
. Stderr: None. 
Not retrying trial because the maximum number of retries has been reached
Trial officeqa-uid0036__v5Dpns6 failed: Docker compose command failed for environment officeqa-uid0036. Command: docker compose --project-name officeqa-uid0036__v5dpns6 --project-directory /home/cat/ground-wire/.arena/samples/officeqa-uid0036/environment -f /home/cat/.arena/venv/lib/python3.13/site-packages/harbor/environments/docker/docker-compose-base.yaml -f /home/cat/.arena/venv/lib/python3.13/site-packages/harbor/environments/docker/docker-compose-prebuilt.yaml up --detach --wait. Return code: 1. Stdout:  main Pulling 
 main Pulled 
 Network officeqa-uid0036__v5dpns6_default  Creating
 Network officeqa-uid0036__v5dpns6_default  Error
failed to create network officeqa-uid0036__v5dpns6_default: Error response from daemon: all predefined address pools have been fully subnetted
. Stderr: None. 
Not retrying trial because the maximum number of retries has been reached
Trial officeqa-uid0045__bHFVTm5 failed: Docker compose command failed for environment officeqa-uid0045. Command: docker compose --project-name officeqa-uid0045__bhfvtm5 --project-directory /home/cat/ground-wire/.arena/samples/officeqa-uid0045/environment -f /home/cat/.arena/venv/lib/python3.13/site-packages/harbor/environments/docker/docker-compose-base.yaml -f /home/cat/.arena/venv/lib/python3.13/site-packages/harbor/environments/docker/docker-compose-prebuilt.yaml up --detach --wait. Return code: 1. Stdout:  main Pulling 
 main Pulled 
 Network officeqa-uid0045__bhfvtm5_default  Creating
 Network officeqa-uid0045__bhfvtm5_default  Error
failed to create network officeqa-uid0045__bhfvtm5_default: Error response from daemon: all predefined address pools have been fully subnetted
. Stderr: None. 
Not retrying trial because the maximum number of retries has been reached
Trial officeqa-uid0109__YXk9vZX failed: Docker compose command failed for environment officeqa-uid0109. Command: docker compose --project-name officeqa-uid0109__yxk9vzx --project-directory /home/cat/ground-wire/.arena/samples/officeqa-uid0109/environment -f /home/cat/.arena/venv/lib/python3.13/site-packages/harbor/environments/docker/docker-compose-base.yaml -f /home/cat/.arena/venv/lib/python3.13/site-packages/harbor/environments/docker/docker-compose-prebuilt.yaml up --detach --wait. Return code: 1. Stdout:  main Pulling 
 main Pulled 
 Network officeqa-uid0109__yxk9vzx_default  Creating
 Network officeqa-uid0109__yxk9vzx_default  Error
failed to create network officeqa-uid0109__yxk9vzx_default: Error response from daemon: all predefined address pools have been fully subnetted
. Stderr: None. 
Not retrying trial because the maximum number of retries has been reached
Trial officeqa-uid0037__XrmgqpE failed: Docker compose command failed for environment officeqa-uid0037. Command: docker compose --project-name officeqa-uid0037__xrmgqpe --project-directory /home/cat/ground-wire/.arena/samples/officeqa-uid0037/environment -f /home/cat/.arena/venv/lib/python3.13/site-packages/harbor/environments/docker/docker-compose-base.yaml -f /home/cat/.arena/venv/lib/python3.13/site-packages/harbor/environments/docker/docker-compose-prebuilt.yaml up --detach --wait. Return code: 1. Stdout:  main Pulling 
 main Pulled 
 Network officeqa-uid0037__xrmgqpe_default  Creating
 Network officeqa-uid0037__xrmgqpe_default  Error
failed to create network officeqa-uid0037__xrmgqpe_default: Error response from daemon: all predefined address pools have been fully subnetted
. Stderr: None. 
Not retrying trial because the maximum number of retries has been reached
Trial officeqa-uid0072__3qmUgg4 failed: Docker compose command failed for environment officeqa-uid0072. Command: docker compose --project-name officeqa-uid0072__3qmugg4 --project-directory /home/cat/ground-wire/.arena/samples/officeqa-uid0072/environment -f /home/cat/.arena/venv/lib/python3.13/site-packages/harbor/environments/docker/docker-compose-base.yaml -f /home/cat/.arena/venv/lib/python3.13/site-packages/harbor/environments/docker/docker-compose-prebuilt.yaml up --detach --wait. Return code: 1. Stdout:  main Pulling 
 main Pulled 
 Network officeqa-uid0072__3qmugg4_default  Creating
 Network officeqa-uid0072__3qmugg4_default  Error
failed to create network officeqa-uid0072__3qmugg4_default: Error response from daemon: all predefined address pools have been fully subnetted
. Stderr: None. 
Not retrying trial because the maximum number of retries has been reached
Trial officeqa-uid0066__YDtXJtH failed: Docker compose command failed for environment officeqa-uid0066. Command: docker compose --project-name officeqa-uid0066__ydtxjth --project-directory /home/cat/ground-wire/.arena/samples/officeqa-uid0066/environment -f /home/cat/.arena/venv/lib/python3.13/site-packages/harbor/environments/docker/docker-compose-base.yaml -f /home/cat/.arena/venv/lib/python3.13/site-packages/harbor/environments/docker/docker-compose-prebuilt.yaml up --detach --wait. Return code: 1. Stdout:  main Pulling 
 main Pulled 
 Network officeqa-uid0066__ydtxjth_default  Creating
 Network officeqa-uid0066__ydtxjth_default  Error
failed to create network officeqa-uid0066__ydtxjth_default: Error response from daemon: all predefined address pools have been fully subnetted
. Stderr: None. 
Not retrying trial because the maximum number of retries has been reached
Trial officeqa-uid0163__fySTjFu failed: Docker compose command failed for environment officeqa-uid0163. Command: docker compose --project-name officeqa-uid0163__fystjfu --project-directory /home/cat/ground-wire/.arena/samples/officeqa-uid0163/environment -f /home/cat/.arena/venv/lib/python3.13/site-packages/harbor/environments/docker/docker-compose-base.yaml -f /home/cat/.arena/venv/lib/python3.13/site-packages/harbor/environments/docker/docker-compose-prebuilt.yaml up --detach --wait. Return code: 1. Stdout:  main Pulling 
 main Pulled 
 Network officeqa-uid0163__fystjfu_default  Creating
 Network officeqa-uid0163__fystjfu_default  Error
failed to create network officeqa-uid0163__fystjfu_default: Error response from daemon: all predefined address pools have been fully subnetted
. Stderr: None. 
Not retrying trial because the maximum number of retries has been reached
Trial officeqa-uid0011__e9pCSaE failed: Agent setup timed out after 360.0 seconds
Trial officeqa-uid0197__HfkrTUo failed: Agent setup timed out after 360.0 seconds
Trial officeqa-uid0243__EeAWaZS failed: Agent setup timed out after 360.0 seconds
Not retrying trial because the maximum number of retries has been reached
Not retrying trial because the maximum number of retries has been reached
Not retrying trial because the maximum number of retries has been reached
Trial officeqa-uid0212__fQauiHx failed: Agent setup timed out after 360.0 seconds
Not retrying trial because the maximum number of retries has been reached
Trial officeqa-uid0012__JRounVw failed: Agent setup timed out after 360.0 seconds
Trial officeqa-uid0113__KwaXDEv failed: Agent setup timed out after 360.0 seconds
Trial officeqa-uid0040__bhwQWG8 failed: Agent setup timed out after 360.0 seconds
Not retrying trial because the maximum number of retries has been reached
Not retrying trial because the maximum number of retries has been reached
Not retrying trial because the maximum number of retries has been reached
Trial officeqa-uid0013__Bq9KA65 failed: Agent setup timed out after 360.0 seconds
Not retrying trial because the maximum number of retries has been reached
