Trial officeqa-uid0243__zt2g3pm failed: Agent setup timed out after 360.0 seconds
Trial officeqa-uid0197__KQFpSB8 failed: Agent setup timed out after 360.0 seconds
Trial officeqa-uid0078__igobLT8 failed: Agent setup timed out after 360.0 seconds
Trial officeqa-uid0011__QF99Ssv failed: Agent setup timed out after 360.0 seconds
Not retrying trial because the maximum number of retries has been reached
Not retrying trial because the maximum number of retries has been reached
Not retrying trial because the maximum number of retries has been reached
Not retrying trial because the maximum number of retries has been reached
Trial officeqa-uid0100__oPDhGf6 failed: Agent setup timed out after 360.0 seconds
Trial officeqa-uid0038__hgUq4tn failed: Agent setup timed out after 360.0 seconds
Trial officeqa-uid0010__7eXKZm8 failed: Agent setup timed out after 360.0 seconds
Trial officeqa-uid0036__qFcv5SZ failed: Agent setup timed out after 360.0 seconds
Not retrying trial because the maximum number of retries has been reached
Not retrying trial because the maximum number of retries has been reached
Not retrying trial because the maximum number of retries has been reached
Not retrying trial because the maximum number of retries has been reached
Trial officeqa-uid0045__HQ5sHtf failed: Agent setup timed out after 360.0 seconds
Trial officeqa-uid0037__sCHUgjJ failed: Agent setup timed out after 360.0 seconds
Trial officeqa-uid0109__8aJ4CCF failed: Agent setup timed out after 360.0 seconds
Trial officeqa-uid0072__qPpqf5U failed: Agent setup timed out after 360.0 seconds
Not retrying trial because the maximum number of retries has been reached
Not retrying trial because the maximum number of retries has been reached
Not retrying trial because the maximum number of retries has been reached
Not retrying trial because the maximum number of retries has been reached
Trial officeqa-uid0066__ZpXSNKK failed: Agent setup timed out after 360.0 seconds
Trial officeqa-uid0163__YyGdxJo failed: Agent setup timed out after 360.0 seconds
Trial officeqa-uid0212__W5qsGjS failed: Agent setup timed out after 360.0 seconds
Trial officeqa-uid0113__HFADBxS failed: Agent setup timed out after 360.0 seconds
Not retrying trial because the maximum number of retries has been reached
Not retrying trial because the maximum number of retries has been reached
Not retrying trial because the maximum number of retries has been reached
Not retrying trial because the maximum number of retries has been reached
Trial officeqa-uid0013__NMw599r failed: Agent setup timed out after 360.0 seconds
Trial officeqa-uid0040__UJEu5hB failed: Agent setup timed out after 360.0 seconds
Trial officeqa-uid0012__3wDaZfC failed: Agent setup timed out after 360.0 seconds
Trial officeqa-uid0176__DadS9Xg failed: Agent setup timed out after 360.0 seconds
Not retrying trial because the maximum number of retries has been reached
Not retrying trial because the maximum number of retries has been reached
Not retrying trial because the maximum number of retries has been reached
Not retrying trial because the maximum number of retries has been reached
