Trial officeqa-uid0021__7kVTomP failed: Agent setup timed out after 360.0 seconds
Trial officeqa-uid0014__JruebTM failed: Agent setup timed out after 360.0 seconds
Trial officeqa-uid0002__TTLTXeJ failed: Agent setup timed out after 360.0 seconds
Trial officeqa-uid0011__8cop7wW failed: Agent setup timed out after 360.0 seconds
Not retrying trial because the maximum number of retries has been reached
Not retrying trial because the maximum number of retries has been reached
Not retrying trial because the maximum number of retries has been reached
Not retrying trial because the maximum number of retries has been reached
Trial officeqa-uid0023__9TSsCSx failed: Agent setup timed out after 360.0 seconds
Trial officeqa-uid0020__T8YCp5R failed: Agent setup timed out after 360.0 seconds
Trial officeqa-uid0016__eocuFwz failed: Agent setup timed out after 360.0 seconds
Trial officeqa-uid0006__wuvLGFy failed: Agent setup timed out after 360.0 seconds
Not retrying trial because the maximum number of retries has been reached
Not retrying trial because the maximum number of retries has been reached
Not retrying trial because the maximum number of retries has been reached
Not retrying trial because the maximum number of retries has been reached
Trial officeqa-uid0008__pKW5osg failed: Agent setup timed out after 360.0 seconds
Trial officeqa-uid0024__KKgM8aE failed: Agent setup timed out after 360.0 seconds
Not retrying trial because the maximum number of retries has been reached
Not retrying trial because the maximum number of retries has been reached
