Overriding memory to 4096 MB alters the task from its intended configuration. This could disqualify you from leaderboard submissions for some benchmarks.
Overriding memory to 4096 MB alters the task from its intended configuration. This could disqualify you from leaderboard submissions for some benchmarks.
Overriding memory to 4096 MB alters the task from its intended configuration. This could disqualify you from leaderboard submissions for some benchmarks.
Overriding memory to 4096 MB alters the task from its intended configuration. This could disqualify you from leaderboard submissions for some benchmarks.
Wrote opencode trajectory to .arena/runs/run-20260326-160536-e181c6/hard_v3_sdt_competence/officeqa-uid0150__j2iciaH/agent/trajectory.json
Wrote opencode trajectory to .arena/runs/run-20260326-160536-e181c6/hard_v3_sdt_competence/officeqa-uid0027__YDZUCta/agent/trajectory.json
  FAIL officeqa-uid0150 (reward=0.00)
Overriding memory to 4096 MB alters the task from its intended configuration. This could disqualify you from leaderboard submissions for some benchmarks.
  FAIL officeqa-uid0027 (reward=0.00)
Wrote opencode trajectory to .arena/runs/run-20260326-160536-e181c6/hard_v3_sdt_competence/officeqa-uid0183__fKnpzwz/agent/trajectory.json
  FAIL officeqa-uid0183 (reward=0.00)
Wrote opencode trajectory to .arena/runs/run-20260326-160536-e181c6/hard_v3_sdt_competence/officeqa-uid0069__mqKzRVs/agent/trajectory.json
  FAIL officeqa-uid0069 (reward=0.00)
Wrote opencode trajectory to .arena/runs/run-20260326-160536-e181c6/hard_v3_sdt_competence/officeqa-uid0120__3hAaJeU/agent/trajectory.json
  FAIL officeqa-uid0120 (reward=0.00)
  5/5 Mean: 0.000 ━━━━━━━━━━━━━━━━━━━━━━━━━━━━━━━━━━━━━━━━ 0:14:18 0:00:00Results written to .arena/runs/run-20260326-160536-e181c6/hard_v3_sdt_competence/result.json

  Score: 0.000
  Tasks: 0 passed, 5 failed (5 total)
  Avg latency: 566.2s
  Total cost: $1.60
                      Task Results                       
┏━━━━━━━━━━━━━━━━━━┳━━━━━━━━┳━━━━━━━━┳━━━━━━━━━┳━━━━━━━━┓
┃ Task             ┃ Status ┃ Reward ┃ Latency ┃ Cost   ┃
┡━━━━━━━━━━━━━━━━━━╇━━━━━━━━╇━━━━━━━━╇━━━━━━━━━╇━━━━━━━━┩
│ officeqa-uid0183 │ FAIL   │ 0.00   │ 603.0s  │ $0.545 │
│ officeqa-uid0027 │ FAIL   │ 0.00   │ 569.1s  │ $0.242 │
│ officeqa-uid0069 │ FAIL   │ 0.00   │ 800.5s  │ $0.434 │
│ officeqa-uid0150 │ FAIL   │ 0.00   │ 566.1s  │ $0.297 │
│ officeqa-uid0120 │ FAIL   │ 0.00   │ 292.1s  │ $0.086 │
└──────────────────┴────────┴────────┴─────────┴────────┘
