Overriding memory to 4096 MB alters the task from its intended configuration. This could disqualify you from leaderboard submissions for some benchmarks.
Overriding memory to 4096 MB alters the task from its intended configuration. This could disqualify you from leaderboard submissions for some benchmarks.
Overriding memory to 4096 MB alters the task from its intended configuration. This could disqualify you from leaderboard submissions for some benchmarks.
Overriding memory to 4096 MB alters the task from its intended configuration. This could disqualify you from leaderboard submissions for some benchmarks.
Wrote opencode trajectory to .arena/runs/run-20260326-155001-d4c371/hard_v2_sdt_structured/officeqa-uid0183__B8NyN6G/agent/trajectory.json
  PASS officeqa-uid0183 (reward=1.00)
Overriding memory to 4096 MB alters the task from its intended configuration. This could disqualify you from leaderboard submissions for some benchmarks.
Wrote opencode trajectory to .arena/runs/run-20260326-155001-d4c371/hard_v2_sdt_structured/officeqa-uid0150__7YeLddL/agent/trajectory.json
Wrote opencode trajectory to .arena/runs/run-20260326-155001-d4c371/hard_v2_sdt_structured/officeqa-uid0027__gAmVeKD/agent/trajectory.json
  FAIL officeqa-uid0150 (reward=0.00)
  FAIL officeqa-uid0027 (reward=0.00)
Wrote opencode trajectory to .arena/runs/run-20260326-155001-d4c371/hard_v2_sdt_structured/officeqa-uid0069__YCYPdHy/agent/trajectory.json
  FAIL officeqa-uid0069 (reward=0.00)
Wrote opencode trajectory to .arena/runs/run-20260326-155001-d4c371/hard_v2_sdt_structured/officeqa-uid0120__ActyxNQ/agent/trajectory.json
  FAIL officeqa-uid0120 (reward=0.00)
  5/5 Mean: 0.200 ━━━━━━━━━━━━━━━━━━━━━━━━━━━━━━━━━━━━━━━━ 0:15:24 0:00:00Results written to .arena/runs/run-20260326-155001-d4c371/hard_v2_sdt_structured/result.json

  Score: 0.200
  Tasks: 1 passed, 4 failed (5 total)
  Avg latency: 568.9s
  Total cost: $1.67
                      Task Results                       
┏━━━━━━━━━━━━━━━━━━┳━━━━━━━━┳━━━━━━━━┳━━━━━━━━━┳━━━━━━━━┓
┃ Task             ┃ Status ┃ Reward ┃ Latency ┃ Cost   ┃
┡━━━━━━━━━━━━━━━━━━╇━━━━━━━━╇━━━━━━━━╇━━━━━━━━━╇━━━━━━━━┩
│ officeqa-uid0183 │ PASS   │ 1.00   │ 443.3s  │ $0.219 │
│ officeqa-uid0027 │ FAIL   │ 0.00   │ 597.4s  │ $0.202 │
│ officeqa-uid0069 │ FAIL   │ 0.00   │ 733.4s  │ $0.523 │
│ officeqa-uid0150 │ FAIL   │ 0.00   │ 589.0s  │ $0.514 │
│ officeqa-uid0120 │ FAIL   │ 0.00   │ 481.6s  │ $0.211 │
└──────────────────┴────────┴────────┴─────────┴────────┘
