Trial officeqa-uid0197__qYURPHz failed: Agent setup timed out after 360.0 seconds
Trial officeqa-uid0011__RESrF7Z failed: Agent setup timed out after 360.0 seconds
Trial officeqa-uid0078__7kV22Ld failed: Agent setup timed out after 360.0 seconds
Trial officeqa-uid0243__bA9auRK failed: Agent setup timed out after 360.0 seconds
Not retrying trial because the maximum number of retries has been reached
Not retrying trial because the maximum number of retries has been reached
Not retrying trial because the maximum number of retries has been reached
Not retrying trial because the maximum number of retries has been reached
Trial officeqa-uid0212__td4R3W5 failed: Agent setup timed out after 360.0 seconds
Not retrying trial because the maximum number of retries has been reached
Trial officeqa-uid0113__UkuwCHg failed: Agent setup timed out after 360.0 seconds
Not retrying trial because the maximum number of retries has been reached
Trial officeqa-uid0012__pGXZgNo failed: Agent setup timed out after 360.0 seconds
Not retrying trial because the maximum number of retries has been reached
Trial officeqa-uid0040__Gbr7YJd failed: Agent setup timed out after 360.0 seconds
Not retrying trial because the maximum number of retries has been reached
Trial officeqa-uid0013__WWbHepk failed: Agent setup timed out after 360.0 seconds
Not retrying trial because the maximum number of retries has been reached
Trial officeqa-uid0176__o6QDtV9 failed: Agent setup timed out after 360.0 seconds
Not retrying trial because the maximum number of retries has been reached
