Trial officeqa-uid0197__UtBGcFV failed: Docker compose command failed for environment officeqa-uid0197. Command: docker compose --project-name officeqa-uid0197__utbgcfv --project-directory /home/cat/ground-wire/.arena/samples/officeqa-uid0197/environment -f /home/cat/.arena/venv/lib/python3.13/site-packages/harbor/environments/docker/docker-compose-base.yaml -f /home/cat/.arena/venv/lib/python3.13/site-packages/harbor/environments/docker/docker-compose-prebuilt.yaml up --detach --wait. Return code: 1. Stdout:  Network officeqa-uid0197__utbgcfv_default  Creating
 Network officeqa-uid0197__utbgcfv_default  Error
failed to create network officeqa-uid0197__utbgcfv_default: Error response from daemon: all predefined address pools have been fully subnetted
. Stderr: None. 
Trial officeqa-uid0078__vhbwx6R failed: Docker compose command failed for environment officeqa-uid0078. Command: docker compose --project-name officeqa-uid0078__vhbwx6r --project-directory /home/cat/ground-wire/.arena/samples/officeqa-uid0078/environment -f /home/cat/.arena/venv/lib/python3.13/site-packages/harbor/environments/docker/docker-compose-base.yaml -f /home/cat/.arena/venv/lib/python3.13/site-packages/harbor/environments/docker/docker-compose-prebuilt.yaml up --detach --wait. Return code: 1. Stdout:  Network officeqa-uid0078__vhbwx6r_default  Creating
 Network officeqa-uid0078__vhbwx6r_default  Error
failed to create network officeqa-uid0078__vhbwx6r_default: Error response from daemon: all predefined address pools have been fully subnetted
. Stderr: None. 
Trial officeqa-uid0011__vTktvRr failed: Docker compose command failed for environment officeqa-uid0011. Command: docker compose --project-name officeqa-uid0011__vtktvrr --project-directory /home/cat/ground-wire/.arena/samples/officeqa-uid0011/environment -f /home/cat/.arena/venv/lib/python3.13/site-packages/harbor/environments/docker/docker-compose-base.yaml -f /home/cat/.arena/venv/lib/python3.13/site-packages/harbor/environments/docker/docker-compose-prebuilt.yaml up --detach --wait. Return code: 1. Stdout:  Network officeqa-uid0011__vtktvrr_default  Creating
 Network officeqa-uid0011__vtktvrr_default  Error
failed to create network officeqa-uid0011__vtktvrr_default: Error response from daemon: all predefined address pools have been fully subnetted
. Stderr: None. 
Not retrying trial because the maximum number of retries has been reached
Not retrying trial because the maximum number of retries has been reached
Not retrying trial because the maximum number of retries has been reached
Trial officeqa-uid0100__oRtpGAd failed: Docker compose command failed for environment officeqa-uid0100. Command: docker compose --project-name officeqa-uid0100__ortpgad --project-directory /home/cat/ground-wire/.arena/samples/officeqa-uid0100/environment -f /home/cat/.arena/venv/lib/python3.13/site-packages/harbor/environments/docker/docker-compose-base.yaml -f /home/cat/.arena/venv/lib/python3.13/site-packages/harbor/environments/docker/docker-compose-prebuilt.yaml up --detach --wait. Return code: 1. Stdout:  main Pulling 
 main Pulled 
 Network officeqa-uid0100__ortpgad_default  Creating
 Network officeqa-uid0100__ortpgad_default  Error
failed to create network officeqa-uid0100__ortpgad_default: Error response from daemon: all predefined address pools have been fully subnetted
. Stderr: None. 
Trial officeqa-uid0038__d8fiFVp failed: Docker compose command failed for environment officeqa-uid0038. Command: docker compose --project-name officeqa-uid0038__d8fifvp --project-directory /home/cat/ground-wire/.arena/samples/officeqa-uid0038/environment -f /home/cat/.arena/venv/lib/python3.13/site-packages/harbor/environments/docker/docker-compose-base.yaml -f /home/cat/.arena/venv/lib/python3.13/site-packages/harbor/environments/docker/docker-compose-prebuilt.yaml up --detach --wait. Return code: 1. Stdout:  main Pulling 
 main Pulled 
 Network officeqa-uid0038__d8fifvp_default  Creating
 Network officeqa-uid0038__d8fifvp_default  Error
failed to create network officeqa-uid0038__d8fifvp_default: Error response from daemon: all predefined address pools have been fully subnetted
. Stderr: None. 
Trial officeqa-uid0010__aQMUy3o failed: Docker compose command failed for environment officeqa-uid0010. Command: docker compose --project-name officeqa-uid0010__aqmuy3o --project-directory /home/cat/ground-wire/.arena/samples/officeqa-uid0010/environment -f /home/cat/.arena/venv/lib/python3.13/site-packages/harbor/environments/docker/docker-compose-base.yaml -f /home/cat/.arena/venv/lib/python3.13/site-packages/harbor/environments/docker/docker-compose-prebuilt.yaml up --detach --wait. Return code: 1. Stdout:  main Pulling 
 main Pulled 
 Network officeqa-uid0010__aqmuy3o_default  Creating
 Network officeqa-uid0010__aqmuy3o_default  Error
failed to create network officeqa-uid0010__aqmuy3o_default: Error response from daemon: all predefined address pools have been fully subnetted
. Stderr: None. 
Not retrying trial because the maximum number of retries has been reached
Not retrying trial because the maximum number of retries has been reached
Not retrying trial because the maximum number of retries has been reached
Trial officeqa-uid0045__5VaEZ6i failed: Docker compose command failed for environment officeqa-uid0045. Command: docker compose --project-name officeqa-uid0045__5vaez6i --project-directory /home/cat/ground-wire/.arena/samples/officeqa-uid0045/environment -f /home/cat/.arena/venv/lib/python3.13/site-packages/harbor/environments/docker/docker-compose-base.yaml -f /home/cat/.arena/venv/lib/python3.13/site-packages/harbor/environments/docker/docker-compose-prebuilt.yaml up --detach --wait. Return code: 1. Stdout:  main Pulling 
 main Pulled 
 Network officeqa-uid0045__5vaez6i_default  Creating
 Network officeqa-uid0045__5vaez6i_default  Error
failed to create network officeqa-uid0045__5vaez6i_default: Error response from daemon: all predefined address pools have been fully subnetted
. Stderr: None. 
Trial officeqa-uid0036__jpPMHQn failed: Docker compose command failed for environment officeqa-uid0036. Command: docker compose --project-name officeqa-uid0036__jppmhqn --project-directory /home/cat/ground-wire/.arena/samples/officeqa-uid0036/environment -f /home/cat/.arena/venv/lib/python3.13/site-packages/harbor/environments/docker/docker-compose-base.yaml -f /home/cat/.arena/venv/lib/python3.13/site-packages/harbor/environments/docker/docker-compose-prebuilt.yaml up --detach --wait. Return code: 1. Stdout:  main Pulling 
 main Pulled 
 Network officeqa-uid0036__jppmhqn_default  Creating
 Network officeqa-uid0036__jppmhqn_default  Error
failed to create network officeqa-uid0036__jppmhqn_default: Error response from daemon: all predefined address pools have been fully subnetted
. Stderr: None. 
Not retrying trial because the maximum number of retries has been reached
Not retrying trial because the maximum number of retries has been reached
Trial officeqa-uid0109__YeYvMjF failed: Docker compose command failed for environment officeqa-uid0109. Command: docker compose --project-name officeqa-uid0109__yeyvmjf --project-directory /home/cat/ground-wire/.arena/samples/officeqa-uid0109/environment -f /home/cat/.arena/venv/lib/python3.13/site-packages/harbor/environments/docker/docker-compose-base.yaml -f /home/cat/.arena/venv/lib/python3.13/site-packages/harbor/environments/docker/docker-compose-prebuilt.yaml up --detach --wait. Return code: 1. Stdout:  main Pulling 
 main Pulled 
 Network officeqa-uid0109__yeyvmjf_default  Creating
 Network officeqa-uid0109__yeyvmjf_default  Error
failed to create network officeqa-uid0109__yeyvmjf_default: Error response from daemon: all predefined address pools have been fully subnetted
. Stderr: None. 
Trial officeqa-uid0037__y6jBmkn failed: Docker compose command failed for environment officeqa-uid0037. Command: docker compose --project-name officeqa-uid0037__y6jbmkn --project-directory /home/cat/ground-wire/.arena/samples/officeqa-uid0037/environment -f /home/cat/.arena/venv/lib/python3.13/site-packages/harbor/environments/docker/docker-compose-base.yaml -f /home/cat/.arena/venv/lib/python3.13/site-packages/harbor/environments/docker/docker-compose-prebuilt.yaml up --detach --wait. Return code: 1. Stdout:  Network officeqa-uid0037__y6jbmkn_default  Creating
 Network officeqa-uid0037__y6jbmkn_default  Error
failed to create network officeqa-uid0037__y6jbmkn_default: Error response from daemon: all predefined address pools have been fully subnetted
. Stderr: None. 
Trial officeqa-uid0072__mw3753f failed: Docker compose command failed for environment officeqa-uid0072. Command: docker compose --project-name officeqa-uid0072__mw3753f --project-directory /home/cat/ground-wire/.arena/samples/officeqa-uid0072/environment -f /home/cat/.arena/venv/lib/python3.13/site-packages/harbor/environments/docker/docker-compose-base.yaml -f /home/cat/.arena/venv/lib/python3.13/site-packages/harbor/environments/docker/docker-compose-prebuilt.yaml up --detach --wait. Return code: 1. Stdout:  Network officeqa-uid0072__mw3753f_default  Creating
 Network officeqa-uid0072__mw3753f_default  Error
failed to create network officeqa-uid0072__mw3753f_default: Error response from daemon: all predefined address pools have been fully subnetted
. Stderr: None. 
Not retrying trial because the maximum number of retries has been reached
Not retrying trial because the maximum number of retries has been reached
Not retrying trial because the maximum number of retries has been reached
Trial officeqa-uid0066__5Uj54FT failed: Docker compose command failed for environment officeqa-uid0066. Command: docker compose --project-name officeqa-uid0066__5uj54ft --project-directory /home/cat/ground-wire/.arena/samples/officeqa-uid0066/environment -f /home/cat/.arena/venv/lib/python3.13/site-packages/harbor/environments/docker/docker-compose-base.yaml -f /home/cat/.arena/venv/lib/python3.13/site-packages/harbor/environments/docker/docker-compose-prebuilt.yaml up --detach --wait. Return code: 1. Stdout:  main Pulling 
 main Pulled 
 Network officeqa-uid0066__5uj54ft_default  Creating
 Network officeqa-uid0066__5uj54ft_default  Error
failed to create network officeqa-uid0066__5uj54ft_default: Error response from daemon: all predefined address pools have been fully subnetted
. Stderr: None. 
Trial officeqa-uid0163__qrdXhir failed: Docker compose command failed for environment officeqa-uid0163. Command: docker compose --project-name officeqa-uid0163__qrdxhir --project-directory /home/cat/ground-wire/.arena/samples/officeqa-uid0163/environment -f /home/cat/.arena/venv/lib/python3.13/site-packages/harbor/environments/docker/docker-compose-base.yaml -f /home/cat/.arena/venv/lib/python3.13/site-packages/harbor/environments/docker/docker-compose-prebuilt.yaml up --detach --wait. Return code: 1. Stdout:  main Pulling 
 main Pulled 
 Network officeqa-uid0163__qrdxhir_default  Creating
 Network officeqa-uid0163__qrdxhir_default  Error
failed to create network officeqa-uid0163__qrdxhir_default: Error response from daemon: all predefined address pools have been fully subnetted
. Stderr: None. 
Trial officeqa-uid0212__xiFuy8y failed: Docker compose command failed for environment officeqa-uid0212. Command: docker compose --project-name officeqa-uid0212__xifuy8y --project-directory /home/cat/ground-wire/.arena/samples/officeqa-uid0212/environment -f /home/cat/.arena/venv/lib/python3.13/site-packages/harbor/environments/docker/docker-compose-base.yaml -f /home/cat/.arena/venv/lib/python3.13/site-packages/harbor/environments/docker/docker-compose-prebuilt.yaml up --detach --wait. Return code: 1. Stdout:  main Pulling 
 main Pulled 
 Network officeqa-uid0212__xifuy8y_default  Creating
 Network officeqa-uid0212__xifuy8y_default  Error
failed to create network officeqa-uid0212__xifuy8y_default: Error response from daemon: all predefined address pools have been fully subnetted
. Stderr: None. 
Not retrying trial because the maximum number of retries has been reached
Not retrying trial because the maximum number of retries has been reached
Not retrying trial because the maximum number of retries has been reached
Trial officeqa-uid0040__MBGm7c3 failed: Docker compose command failed for environment officeqa-uid0040. Command: docker compose --project-name officeqa-uid0040__mbgm7c3 --project-directory /home/cat/ground-wire/.arena/samples/officeqa-uid0040/environment -f /home/cat/.arena/venv/lib/python3.13/site-packages/harbor/environments/docker/docker-compose-base.yaml -f /home/cat/.arena/venv/lib/python3.13/site-packages/harbor/environments/docker/docker-compose-prebuilt.yaml up --detach --wait. Return code: 1. Stdout:  main Pulling 
 main Pulled 
 Network officeqa-uid0040__mbgm7c3_default  Creating
 Network officeqa-uid0040__mbgm7c3_default  Error
failed to create network officeqa-uid0040__mbgm7c3_default: Error response from daemon: all predefined address pools have been fully subnetted
. Stderr: None. 
Trial officeqa-uid0113__XFQVncZ failed: Docker compose command failed for environment officeqa-uid0113. Command: docker compose --project-name officeqa-uid0113__xfqvncz --project-directory /home/cat/ground-wire/.arena/samples/officeqa-uid0113/environment -f /home/cat/.arena/venv/lib/python3.13/site-packages/harbor/environments/docker/docker-compose-base.yaml -f /home/cat/.arena/venv/lib/python3.13/site-packages/harbor/environments/docker/docker-compose-prebuilt.yaml up --detach --wait. Return code: 1. Stdout:  main Pulling 
 main Pulled 
 Network officeqa-uid0113__xfqvncz_default  Creating
 Network officeqa-uid0113__xfqvncz_default  Error
failed to create network officeqa-uid0113__xfqvncz_default: Error response from daemon: all predefined address pools have been fully subnetted
. Stderr: None. 
Trial officeqa-uid0012__MfZuCb2 failed: Docker compose command failed for environment officeqa-uid0012. Command: docker compose --project-name officeqa-uid0012__mfzucb2 --project-directory /home/cat/ground-wire/.arena/samples/officeqa-uid0012/environment -f /home/cat/.arena/venv/lib/python3.13/site-packages/harbor/environments/docker/docker-compose-base.yaml -f /home/cat/.arena/venv/lib/python3.13/site-packages/harbor/environments/docker/docker-compose-prebuilt.yaml up --detach --wait. Return code: 1. Stdout:  main Pulling 
 main Pulled 
 Network officeqa-uid0012__mfzucb2_default  Creating
 Network officeqa-uid0012__mfzucb2_default  Error
failed to create network officeqa-uid0012__mfzucb2_default: Error response from daemon: all predefined address pools have been fully subnetted
. Stderr: None. 
Not retrying trial because the maximum number of retries has been reached
Not retrying trial because the maximum number of retries has been reached
Not retrying trial because the maximum number of retries has been reached
Trial officeqa-uid0013__N6Lxesq failed: Docker compose command failed for environment officeqa-uid0013. Command: docker compose --project-name officeqa-uid0013__n6lxesq --project-directory /home/cat/ground-wire/.arena/samples/officeqa-uid0013/environment -f /home/cat/.arena/venv/lib/python3.13/site-packages/harbor/environments/docker/docker-compose-base.yaml -f /home/cat/.arena/venv/lib/python3.13/site-packages/harbor/environments/docker/docker-compose-prebuilt.yaml up --detach --wait. Return code: 1. Stdout:  main Pulling 
 main Pulled 
 Network officeqa-uid0013__n6lxesq_default  Creating
 Network officeqa-uid0013__n6lxesq_default  Error
failed to create network officeqa-uid0013__n6lxesq_default: Error response from daemon: all predefined address pools have been fully subnetted
. Stderr: None. 
Not retrying trial because the maximum number of retries has been reached
Trial officeqa-uid0176__QAHkcdf failed: Docker compose command failed for environment officeqa-uid0176. Command: docker compose --project-name officeqa-uid0176__qahkcdf --project-directory /home/cat/ground-wire/.arena/samples/officeqa-uid0176/environment -f /home/cat/.arena/venv/lib/python3.13/site-packages/harbor/environments/docker/docker-compose-base.yaml -f /home/cat/.arena/venv/lib/python3.13/site-packages/harbor/environments/docker/docker-compose-prebuilt.yaml up --detach --wait. Return code: 1. Stdout:  main Pulling 
 main Pulled 
 Network officeqa-uid0176__qahkcdf_default  Creating
 Network officeqa-uid0176__qahkcdf_default  Error
failed to create network officeqa-uid0176__qahkcdf_default: Error response from daemon: all predefined address pools have been fully subnetted
. Stderr: None. 
Not retrying trial because the maximum number of retries has been reached
Trial officeqa-uid0243__xJRMEzH failed: Agent setup timed out after 360.0 seconds
Not retrying trial because the maximum number of retries has been reached
